Leit  1  entrou
Leit  1  leu  0 
Leit  1  saiu
Esc  2  entrou
Esc  2  leu  0 
Esc  2  escreveu  1 
Esc  2  saiu
Leit  3  entrou
Leit  3  leu  2 
Leit  3  saiu
Esc  0  entrou
Esc  0  leu  3 
Esc  0  escreveu  0 
Esc  0  saiu